// Jest Snapshot v1, https://goo.gl/fbAQLP

exports[`Footer component matches snapshot 1`] = `
<footer
  className="footer"
>
  <div
    className="line"
  />
  <p>
    Made with 
    <span
      className="red"
    >
      ❤︎
    </span>
     by 
    <a
      href="https://twitter.com/FelipeNolleto"
    >
      nolleto
    </a>
    . Find this on 
    <a
      href="https://github.com/nolleto/abastece-ai-custo-beneficio-app"
    >
      github
    </a>
  </p>
</footer>
`;
