// Jest Snapshot v1, https://goo.gl/fbAQLP

exports[`Form component matches snapshot 1`] = `
<div
  className="form"
>
  <Field
    description="Valor do combustível divulgado no posto"
    label="Valor do combustível"
    placeholder="Ex.: 3,759"
    setter={[Function]}
  />
  <Field
    description="É o mesmo valor solicitado no app Abastece Aí"
    label="Valor total a pagar na bomba"
    placeholder="Ex.: 50,00"
    setter={[Function]}
  />
  <Field
    description="Valor final a pagar no app Abastece Aí"
    label="Valor pago com desconto do km de vantagem"
    placeholder="Ex.: 47,50"
    setter={[Function]}
  />
  <FuelPrice />
</div>
`;
