// Jest Snapshot v1, https://goo.gl/fbAQLP

exports[`Field component matches snapshot 1`] = `
<label
  className="field"
>
  <span
    className="field__label"
  >
    label
    :
  </span>
  <span
    className="field__description"
  >
    description
  </span>
  <input
    className="field__input"
    onChange={[Function]}
    step=".01"
    type="number"
    value="value"
  />
</label>
`;
